
> tasks@0.1.0 test
> react-scripts test --coverage

Browserslist: caniuse-lite is outdated. Please run:
  npx browserslist@latest --update-db
  Why you should do it regularly: https://github.com/browserslist/browserslist#browsers-data-updating
PASS src/quizzer/Quizzer.test.tsx
PASS src/App.test.tsx
-------------------|---------|----------|---------|---------|--------------------------------------------
File               | % Stmts | % Branch | % Funcs | % Lines | Uncovered Line #s                          
-------------------|---------|----------|---------|---------|--------------------------------------------
All files          |   82.06 |    81.66 |   76.71 |   81.15 |                                            
 src               |   66.66 |       50 |      50 |   66.66 |                                            
  App.tsx          |   66.66 |       50 |      50 |   66.66 | 16                                         
 src/interfaces    |       0 |        0 |       0 |       0 |                                            
  question.ts      |       0 |        0 |       0 |       0 |                                            
  quiz.ts          |       0 |        0 |       0 |       0 |                                            
 src/quizzer       |   82.39 |    83.92 |   77.46 |   81.48 |                                            
  AddQuizModal.tsx |   64.28 |      100 |      40 |   64.28 | 34-52                                      
  QuestionEdit.tsx |   46.66 |    64.28 |      40 |   46.66 | 29-32,54-55,62-64,72-74,97-170,204,231,256 
  QuizCard.tsx     |     100 |       80 |     100 |     100 | 31                                         
  QuizEdit.tsx     |   85.18 |      100 |   73.33 |      84 | 36-38,69,97                                
  QuizExpanded.tsx |     100 |    85.71 |     100 |     100 | 75                                         
  QuizList.tsx     |     100 |      100 |     100 |     100 |                                            
  QuizQuestion.tsx |     100 |    85.71 |     100 |     100 | 26-33                                      
  QuizView.tsx     |     100 |      100 |     100 |     100 |                                            
  Quizzer.tsx      |     100 |      100 |     100 |     100 |                                            
-------------------|---------|----------|---------|---------|--------------------------------------------

Test Suites: 2 passed, 2 total
Tests:       15 passed, 15 total
Snapshots:   0 total
Time:        4.363 s
Ran all test suites.
